=== PY_COMPILE ===
compile_status=0
=== SELF_TEST ===
LightningCast production parser/rendering/frame-integrity self-test passed.
self_test_status=0
=== LIVE_BUILD ===
Selected near-time LightningCast frame pair East=2026-09-30T17:21:17Z West=2026-09-30T17:26:17Z (offset 5.0 minutes).
GOES-East LightningCast source: RealEarth PLTG-abi-mrms-GOESEastRadC at 2026-09-30T17:21:17Z (9.4 minutes old; primary).
GOES-West LightningCast source: RealEarth PLTG-abi-mrms-GOESWestRadC at 2026-09-30T17:26:17Z (4.4 minutes old; primary).
LightningCast product built from GOES-East 2026-09-30T17:21:17Z and GOES-West 2026-09-30T17:26:17Z
Output: lightningcast_smoke_output/lightningcast_conus_probability_60min.png
build_status=0
=== METADATA ===
{
  "metadata_mode": "lightningcast_dashboard_v1e",
  "generator_revision": "v1i_realearth_v2_live_ingest",
  "product_role": "probability_of_lightning_next_60_minutes",
  "display_label": "CIMSS/SSEC LightningCast \u2014 Probability of Lightning in Next 60 Minutes",
  "source_product": "LightningCast CONUS probability contour vectors (RealEarth v2 ABI+MRMS preferred; v1 fallback)",
  "source_attribution": "LightningCast data courtesy CIMSS/SSEC",
  "scan_time_utc": "2026-09-30T17:26:17Z",
  "source_scan_times_utc": {
    "GOES-East": "2026-09-30T17:21:17Z",
    "GOES-West": "2026-09-30T17:26:17Z"
  },
  "source_time_offset_minutes": 5.0,
  "forecast_window_start_utc": "2026-09-30T17:26:17Z",
  "forecast_window_end_utc": "2026-09-30T18:21:17Z",
  "fetched_at_utc": "2026-09-30T17:30:41Z",
  "frame_age_minutes_at_fetch": 9.4,
  "frame_selection": {
    "policy": "newest clean near-time East/West frame pair within freshness and offset windows",
    "selected_frame_clean": true,
    "selected_frame_age_minutes": 9.4,
    "selected_east_frame_utc": "2026-09-30T17:21:17Z",
    "selected_west_frame_utc": "2026-09-30T17:26:17Z",
    "selected_east_age_minutes": 9.4,
    "selected_west_age_minutes": 4.4,
    "selected_frame_offset_minutes": 5.0,
    "maximum_frame_offset_minutes": 5.0,
    "newest_exact_common_frame_utc": null,
    "newest_east_frame_utc": "2026-09-30T17:21:17Z",
    "newest_west_frame_utc": "2026-09-30T17:26:17Z",
    "skipped_dirty_frames": {
      "GOES-East": [],
      "GOES-West": []
    },
    "skipped_future_frames": {
      "GOES-East": [],
      "GOES-West": []
    }
  },
  "probability_thresholds_percent": [
    10,
    30,
    50,
    70,
    90
  ],
  "standard_threshold_note": "10%, 30%, 50%, 70%, and 90% are standard LightningCast probability categories; a frame may validly contain zero contours at any category.",
  "source_urls": {
    "GOES-East": "https://realearth.ssec.wisc.edu/api/shapes?products=PLTG-abi-mrms-GOESEastRadC_20260930_172117",
    "GOES-West": "https://realearth.ssec.wisc.edu/api/shapes?products=PLTG-abi-mrms-GOESWestRadC_20260930_172617"
  },
  "source_permission": "CIMSS/SSEC permission obtained by the WPC dashboard project owner for direct server pulls and dashboard display.",
  "satellite_ownership": {
    "method": "fixed whole-storm-object representative-longitude ownership with completeness-based overlap swaps",
    "ownership_longitude": -106.1,
    "GOES-West": "whole same-satellite contour families with representative longitude < -106.1",
    "GOES-East": "whole same-satellite contour families with representative longitude >= -106.1",
    "summation": false,
    "averaging": false,
    "blending": false,
    "gap_fill": false,
    "cross_boundary_geometry_clipping": false,
    "cross_threshold_family_splitting": false,
    "cross_satellite_family_splitting": false,
    "swap_padding_degrees": 0.25,
    "object_link_padding_degrees": 0.18,
    "representative_longitude_field": "mean longitude of the object's outermost available probability contour(s)",
    "note": "Nested/adjacent probability contours from one satellite are grouped into a storm object and retained or rejected together. In the overlap region, a more complete opposite-satellite family may replace a truncated family, but no family is split across satellites. Source contour geometry is never cut or altered at the ownership longitude."
  },
  "rendering": {
    "image_crs": "EPSG:3857",
    "leaflet_bounds": [
      [
        20.0,
        -130.0
      ],
      [
        55.0,
        -60.0
      ]
    ],
    "rendered_shape": [
      1175,
      1800
    ],
    "threshold_labels": [
      ">= 10%",
      ">= 30%",
      ">= 50%",
      ">= 70%",
      ">= 90%"
    ],
    "threshold_rgba": [
      [
        80,
        201,
        134,
        118
      ],
      [
        255,
        255,
        81,
        124
      ],
      [
        255,
        192,
        108,
        132
      ],
      [
        255,
        80,
        80,
        142
      ],
      [
        255,
        80,
        255,
        154
      ]
    ],
    "source_threshold_rgb": [
      [
        80,
        201,
        134
      ],
      [
        255,
        255,
        81
      ],
      [
        255,
        192,
        108
      ],
      [
        255,
        80,
        80
      ],
      [
        255,
        80,
        255
      ]
    ],
    "contour_lines_only": true,
    "polygon_fill_inference": false,
    "line_width_pixels": 2,
    "resampling": "not applicable; vector contours rendered directly to Web Mercator"
  },
  "source_summary": {
    "GOES-East": {
      "title": "RealEarth PLTG-abi-mrms-GOESEastRadC",
      "refresh_seconds": null,
      "frame_count": 1,
      "selected_frame_contours": {
        "10": 142,
        "30": 123,
        "50": 89,
        "70": 69,
        "90": 36
      },
      "threshold_colors_observed": {
        "10": [],
        "30": [],
        "50": [],
        "70": [],
        "90": []
      },
      "invalid_coordinate_lines": 0,
      "invalid_lines_by_frame": {},
      "invalid_line_examples_by_frame": {},
      "selected_frame_invalid_lines": 0,
      "discarded_short_contours": 0,
      "warnings": [],
      "fetch": {
        "source_transport": "realearth_geojson",
        "product_id": "PLTG-abi-mrms-GOESEastRadC",
        "latest_time_utc": "2026-09-30T17:21:17Z",
        "latest_endpoint": "https://realearth.ssec.wisc.edu/api/latest?products=PLTG-abi-mrms-GOESEastRadC",
        "shapes_endpoint": "https://realearth.ssec.wisc.edu/api/shapes?products=PLTG-abi-mrms-GOESEastRadC_20260930_172117",
        "latest_fetch": {
          "http_status": 200,
          "bytes_downloaded": 48,
          "download_seconds": 0.381,
          "download_attempt": 1,
          "last_modified": null,
          "etag": null,
          "sha256": "00bb14183292b4a959b573a0d68a67215842a790c2e49ec4d44cc9bc27e69699"
        },
        "shapes_fetch": {
          "http_status": 200,
          "bytes_downloaded": 405510,
          "download_seconds": 0.253,
          "download_attempt": 1,
          "last_modified": null,
          "etag": null,
          "sha256": "3da98e68f3ead4e9fa02899b7b7a76872464c3cf54d9c96f0a35da7286c2417f"
        },
        "candidate_role": "primary",
        "candidate_age_minutes": 9.4,
        "candidate_products_considered": [
          "PLTG-abi-mrms-GOESEastRadC",
          "PLTGGOESEastRadC"
        ],
        "candidate_rejections": []
      }
    },
    "GOES-West": {
      "title": "RealEarth PLTG-abi-mrms-GOESWestRadC",
      "refresh_seconds": null,
      "frame_count": 1,
      "selected_frame_contours": {
        "10": 4,
        "30": 4,
        "50": 3,
        "70": 1,
        "90": 0
      },
      "threshold_colors_observed": {
        "10": [],
        "30": [],
        "50": [],
        "70": [],
        "90": []
      },
      "invalid_coordinate_lines": 0,
      "invalid_lines_by_frame": {},
      "invalid_line_examples_by_frame": {},
      "selected_frame_invalid_lines": 0,
      "discarded_short_contours": 0,
      "warnings": [],
      "fetch": {
        "source_transport": "realearth_geojson",
        "product_id": "PLTG-abi-mrms-GOESWestRadC",
        "latest_time_utc": "2026-09-30T17:26:17Z",
        "latest_endpoint": "https://realearth.ssec.wisc.edu/api/latest?products=PLTG-abi-mrms-GOESWestRadC",
        "shapes_endpoint": "https://realearth.ssec.wisc.edu/api/shapes?products=PLTG-abi-mrms-GOESWestRadC_20260930_172617",
        "latest_fetch": {
          "http_status": 200,
          "bytes_downloaded": 48,
          "download_seconds": 0.274,
          "download_attempt": 1,
          "last_modified": null,
          "etag": null,
          "sha256": "a27e5a19f015d7eef945d839ae0d89ec06e8a6d1cdfce66d1b3482fd931bf36b"
        },
        "shapes_fetch": {
          "http_status": 200,
          "bytes_downloaded": 7572,
          "download_seconds": 0.165,
          "download_attempt": 1,
          "last_modified": null,
          "etag": null,
          "sha256": "4ce6de3bc4265ec611c35d6935316a01fad6e477eb478fe383719fc1ed12e9a4"
        },
        "candidate_role": "primary",
        "candidate_age_minutes": 4.4,
        "candidate_products_considered": [
          "PLTG-abi-mrms-GOESWestRadC",
          "PLTGGOESWestRadC"
        ],
        "candidate_rejections": []
      }
    }
  },
  "render_summary": {
    "width": 1800,
    "height": 1175,
    "has_visible_pixels": true,
    "source_contours_by_satellite_and_threshold": {
      "East": {
        "10": 142,
        "30": 123,
        "50": 89,
        "70": 69,
        "90": 36
      },
      "West": {
        "10": 4,
        "30": 4,
        "50": 3,
        "70": 1,
        "90": 0
      }
    },
    "selected_contours_by_satellite_and_threshold": {
      "East": {
        "10": 131,
        "30": 115,
        "50": 85,
        "70": 66,
        "90": 33
      },
      "West": {
        "10": 3,
        "30": 3,
        "50": 2,
        "70": 1,
        "90": 0
      }
    },
    "rendered_contour_lines_by_threshold": {
      "10": 88,
      "30": 78,
      "50": 65,
      "70": 51,
      "90": 29
    },
    "source_color_mismatches": [],
    "ownership_longitude": -106.1,
    "storm_object_summary": {
      "West": {
        "source_object_count": 4,
        "retained_object_count": 3,
        "rejected_object_count": 1,
        "retained_threshold_families": {
          "10,30,50,70": 1,
          "10,30,50": 1,
          "10,30": 1
        },
        "retained_closed_contours": 7,
        "retained_total_contours": 9
      },
      "East": {
        "source_object_count": 102,
        "retained_object_count": 93,
        "rejected_object_count": 9,
        "retained_threshold_families": {
          "10,30": 14,
          "10": 46,
          "10,30,50,70,90": 19,
          "10,30,50": 8,
          "10,30,50,70": 6
        },
        "retained_closed_contours": 422,
        "retained_total_contours": 430
      },
      "cross_satellite_family_swaps": [
        {
          "replaced_satellite": "West",
          "replaced_thresholds": [
            10,
            30,
            50
          ],
          "replacement_satellite": "East",
          "replacement_thresholds": [
            10
          ],
          "primary_score": [
            0,
            3,
            3
          ],
          "alternate_score": [
            1,
            1,
            1
          ],
          "primary_bbox": [
            -106.471,
            36.001,
            -105.696,
            36.824
          ],
          "alternate_bbox": [
            -106.526,
            36.345,
            -105.949,
            36.575
          ]
        }
      ],
      "cross_satellite_family_splitting": false,
      "swap_padding_degrees": 0.25
    }
  },
  "leaflet_png": "lightningcast_conus_probability_60min.png",
  "generated_time_utc": "2026-09-30T17:30:42Z"
}
